// Jest Snapshot v1, https://goo.gl/fbAQLP

exports[`Testing al cliente Es Lalo 1`] = `
{
  "balance": 500,
  "nombre": "Lalo",
  "tipo": "premium",
}
`;
